// Jest Snapshot v1, https://goo.gl/fbAQLP

exports[`<Nav /> should include the correct links 1`] = `
<div>
  <nav
    className="navElements"
  >
    <span
      className="navItem"
    >
      <a
        aria-current={null}
        className={undefined}
        href="/home"
        onClick={[Function]}
        style={undefined}
      >
        Home
      </a>
    </span>
    <span
      className="navItem"
    >
      <a
        aria-current={null}
        className={undefined}
        href="/people"
        onClick={[Function]}
        style={undefined}
      >
        People
      </a>
    </span>
    <span
      className="navItem"
    >
      <a
        aria-current={null}
        className={undefined}
        href="/planets"
        onClick={[Function]}
        style={undefined}
      >
        Planets
      </a>
    </span>
    <span
      className="navItem"
    >
      <a
        aria-current={null}
        className={undefined}
        href="/species"
        onClick={[Function]}
        style={undefined}
      >
        Species
      </a>
    </span>
    <span
      className="navItem"
    >
      <a
        aria-current={null}
        className={undefined}
        href="/vehicles"
        onClick={[Function]}
        style={undefined}
      >
        Vehicles
      </a>
    </span>
    <span
      className="navItem"
    >
      <a
        aria-current={null}
        className={undefined}
        href="/starships"
        onClick={[Function]}
        style={undefined}
      >
        Starships
      </a>
    </span>
    <span
      className="navItem"
    >
      <a
        aria-current={null}
        className={undefined}
        href="/films"
        onClick={[Function]}
        style={undefined}
      >
        Films
      </a>
    </span>
  </nav>
</div>
`;
